---
source: src/ui/panels/details/block.rs
expression: terminal.backend()
---
"                                                                                                    "
"                                                                                                    "
"                                                                                                    "
"                                                                                                    "
"       ╭────────────────────────────────── Block Details ──────────────────────────────────╮        "
"       │   Info    Transactions                                                            │        "
"       │───────────────────────────────────────────────────────────────────────────────────│        "
"       │▶ LIILHSS7G6YKV2RY2WQN...  [Asset Config]                                         █│        "
"       │   From: ROUNDARTGOAYEGHD4LMD...                                                  █│        "
"       │  KSAFVKQPUAEZSBZE3FPY...  [Asset Config]                                         █│        "
"       │   From: ROUNDARTGOAYEGHD4LMD...                                                  █│        "
"       │  E7DNSQZR75N4QOX6YS6K...  [Asset Config]                                         █│        "
"       │   From: ROUNDARTGOAYEGHD4LMD...                                                  █│        "
"       │  3LIWKI3VBVDKPKERYO2I...  [Asset Config]                                         █│        "
"       │   From: ROUNDARTGOAYEGHD4LMD...                                                  █│        "
"       │  XAKZHMB4XR4CC6HPYT3Y...  [Asset Config]                                          │        "
"       │   From: ROUNDARTGOAYEGHD4LMD...                                                   │        "
"       │  QVATH6VVIAE5BWONU5B7...  [App Call]                                              │        "
"       │   From: 6XHBAFTDDSGTD4AOR67S...                                                   │        "
"       │  HZY4SIHEHEUD4HN7FK4J...  [Asset Config]                                          │        "
"       │   From: ROUNDARTGOAYEGHD4LMD...                                                   │        "
"       │  2M7XNZMO5K4ODSZKHQK5...  [App Call]                                              │        "
"       │   From: 6XHBAFTDDSGTD4AOR67S...                                                   │        "
"       │  R2GK3ZGB3B2JPHFY6EZH...  [Asset Config]                                          │        "
"       │   From: ROUNDARTGOAYEGHD4LMD...                                                   │        "
"       │  6HWSA4JGUVDRDDHLQSF3...  [Asset Config]                                          │        "
"       │   From: ROUNDARTGOAYEGHD4LMD...                                                   │        "
"       │  PFKQSP5CLHURDDGEKGBI...  [Payment]                                               │        "
"       │   From: LE7PTUZJW43AVWQQFX45...                                                   │        "
"       │  OWMWSRLGMED46UY7KJDY...  [Asset Config]                                          │        "
"       │   From: ROUNDARTGOAYEGHD4LMD...                                                   │        "
"       │  PGT2HOIL67FR26FRWW62...  [Asset Config]                                          │        "
"       │   From: ROUNDARTGOAYEGHD4LMD...                                                   │        "
"       │                                                                                   │        "
"       │[Tab] Switch  [↑↓] Navigate  [Enter] View  [C] Copy  [Y] JSON  [O] Open  [Esc] Clos│        "
"       ╰───────────────────────────────────────────────────────────────────────────────────╯        "
"                                                                                                    "
"                                                                                                    "
"                                                                                                    "
"                                                                                                    "
