---
source: src/ui/panels/details/account.rs
expression: terminal.backend()
---
"                                                                                                    "
"                                                                                                    "
"                                                                                                    "
"       ╭───────────────────────────────── Account Details ─────────────────────────────────╮        "
"       │   Info    Assets    Apps                                                          │        "
"       │───────────────────────────────────────────────────────────────────────────────────│        "
"       │Address:              5NBAJP3FDBY4HXY3RZWRBE3VG4YJLXWOULC2QC4WM75KKCX...           │        "
"       │Status:               Offline                                                      │        "
"       │                                                                                   │        "
"       │Balance:              5.100000 Algos                                               │        "
"       │Min Balance:          0.200000 Algos                                               │        "
"       │Pending Rewards:      0.000000 Algos                                               │        "
"       │Total Rewards:        0.000000 Algos                                               │        "
"       │                                                                                   │        "
"       │Assets Opted In:      1                                                            │        "
"       │Created Assets:       0                                                            │        "
"       │Apps Opted In:        0                                                            │        "
"       │Created Apps:         0                                                            │        "
"       │                                                                                   │        "
"       │                                                                                   │        "
"       │                                                                                   │        "
"       │                                                                                   │        "
"       │                                                                                   │        "
"       │                                                                                   │        "
"       │                                                                                   │        "
"       │                                                                                   │        "
"       │                                                                                   │        "
"       │                                                                                   │        "
"       │                                                                                   │        "
"       │                                                                                   │        "
"       │                                                                                   │        "
"       │                                                                                   │        "
"       │                                                                                   │        "
"       │                                                                                   │        "
"       │                                                                                   │        "
"       │   [Tab] Switch  [↑↓] Navigate  [C] Copy  [O] Open  [F] Fullscreen  [Esc] Close    │        "
"       ╰───────────────────────────────────────────────────────────────────────────────────╯        "
"                                                                                                    "
"                                                                                                    "
"                                                                                                    "
