---
source: src/ui/panels/details/transaction.rs
expression: terminal.backend()
---
"                                                                                                    "
"                                                                                                    "
"                                                                                                    "
"          ╭──────────────────────────── Transaction Details ─────────────────────────────╮          "
"          │  Table   Visual                                                              │          "
"          │──────────────────────────────────────────────────────────────────────────────│          "
"          │Transaction ID:     RSTLLBOXL3LIVU6JDP2MYP7DR6624F4M7NDXERCKSETCLRNADWHQ      │          "
"          │Type:               App Call                                                  │          "
"          │From:               AACCDJTFPQR5UQJZ337NFR56CC44T776EWBGVJG5NY2QFTQWBWTALTEN4A│          "
"          │Group:              zlIdomQHLxbfrBruau/7OGGrW13ggkfb8TQ8mlv6Iy4=              │          "
"          │Rekey To:           GEAW6VVQY2QPYKEI6HAHAH3MNQNMXYOVKYVVI3B7X72CPW74HRVYXWGITU│          "
"          │App ID:             1201559522                                                │          "
"          │On-Complete:        NoOp                                                      │          "
"          │Fee:                0.001000 Algos                                            │          "
"          │Block:              #56183757                                                 │          "
"          │Timestamp:          Fri, 05 Dec 2025 01:11:10                                 │          "
"          │  ▶ App Args:       7 item(s)                                                 │          "
"          │  ▶ Accounts:       4 item(s)                                                 │          "
"          │  ▶ Foreign Apps:   1 item(s)                                                 │          "
"          │  ▶ Foreign Assets  3 item(s)                                                 │          "
"          │Inner Txns:         9                                                         │          "
"          │Note:               AORgaXVAV+R/R97IiZWjpHDuxl/... (Base64)                   │          "
"          │                                                                              │          "
"          │                                                                              │          "
"          │                                                                              │          "
"          │                                                                              │          "
"          │                                                                              │          "
"          │              [C] Copy   [S] Export SVG   [Tab] View   [Esc] Close            │          "
"          │                                                                              │          "
"          │                                  ↑↓ Navigate                                 │          "
"          ╰──────────────────────────────────────────────────────────────────────────────╯          "
"                                                                                                    "
"                                                                                                    "
"                                                                                                    "
"                                                                                                    "
