---
source: src/ui/panels/details/asset.rs
expression: terminal.backend()
---
"                                                                                                    "
"                                                                                                    "
"                                                                                                    "
"                                                                                                    "
"                                                                                                    "
"       ╭────────────────────────────────── Asset Details ──────────────────────────────────╮        "
"       │Asset ID:           672913181                                                      │        "
"       │Name:               goUSD                                                          │        "
"       │Unit Name:          goUSD                                                          │        "
"       │                                                                                   │        "
"       │Total Supply:       18446744073709.550781 goUSD                                    │        "
"       │Decimals:           6                                                              │        "
"       │Default Frozen:     No                                                             │        "
"       │                                                                                   │        "
"       │Creator:            PNC3CKZTHOIMGMSG7KPUCF3XA6ILZMBXMD5YV...                       │        "
"       │URL:                https://www.algomint.io                                        │        "
"       │                                                                                   │        "
"       │Management:                                                                        │        "
"       │  Manager:          PXLRHMSOTI5LDPRNMMM5F4NDPLC...                                 │        "
"       │  Reserve:          NLTFR6Y7AAQ6BFFE7NMNJRK3CIZ...                                 │        "
"       │  Freeze:           AAAAAAAAAAAAAAAAAAAAAAAAAAA...                                 │        "
"       │  Clawback:         AAAAAAAAAAAAAAAAAAAAAAAAAAA...                                 │        "
"       │                                                                                   │        "
"       │Metadata Hash:      NjgxMWRlZGY2ZWJlNGI1MDJkMDkwODVmYzkzM...                       │        "
"       │Created Round:      19982265                                                       │        "
"       │                                                                                   │        "
"       │                                                                                   │        "
"       │                                                                                   │        "
"       │                                                                                   │        "
"       │                                                                                   │        "
"       │                                                                                   │        "
"       │                                                                                   │        "
"       │                                                                                   │        "
"       │                     [C] Copy  [Y] JSON  [O] Open  [Esc] Close                     │        "
"       ╰───────────────────────────────────────────────────────────────────────────────────╯        "
"                                                                                                    "
"                                                                                                    "
"                                                                                                    "
"                                                                                                    "
"                                                                                                    "
