---
source: src/ui/panels/details/asset.rs
expression: terminal.backend()
---
"                                                                                                    "
"                                                                                                    "
"                                                                                                    "
"                                                                                                    "
"                                                                                                    "
"       ╭────────────────────────────────── Asset Details ──────────────────────────────────╮        "
"       │Asset ID:           31566704                                                       │        "
"       │Name:               USDC                                                           │        "
"       │Unit Name:          USDC                                                           │        "
"       │                                                                                   │        "
"       │Total Supply:       18446744073709.550781 USDC                                     │        "
"       │Decimals:           6                                                              │        "
"       │Default Frozen:     No                                                             │        "
"       │                                                                                   │        "
"       │Creator:            2UEQTE5QDNXPI7M3TU44G6SYKLFWLPQO7EBZM...                       │        "
"       │URL:                https://www.centre.io/usdc                                     │        "
"       │                                                                                   │        "
"       │Management:                                                                        │        "
"       │  Manager:          37XL3M57AXBUJARWMT5R7M35OER...                                 │        "
"       │  Reserve:          2UEQTE5QDNXPI7M3TU44G6SYKLF...                                 │        "
"       │  Freeze:           3ERES6JFBIJ7ZPNVQJNH2LETCBQ...                                 │        "
"       │  Clawback:         AAAAAAAAAAAAAAAAAAAAAAAAAAA...                                 │        "
"       │Created Round:      8874561                                                        │        "
"       │                                                                                   │        "
"       │                                                                                   │        "
"       │                                                                                   │        "
"       │                                                                                   │        "
"       │                                                                                   │        "
"       │                                                                                   │        "
"       │                                                                                   │        "
"       │                                                                                   │        "
"       │                                                                                   │        "
"       │                                                                                   │        "
"       │            [C] Copy  [O] Open in Browser  [F] Fullscreen  [Esc] Close             │        "
"       ╰───────────────────────────────────────────────────────────────────────────────────╯        "
"                                                                                                    "
"                                                                                                    "
"                                                                                                    "
"                                                                                                    "
"                                                                                                    "
