---
source: src/ui/panels/details/account.rs
expression: test_terminal.backend()
---
"                                                                                                    "
"                                                                                                    "
"                                                                                                    "
"       ╭───────────────────────────────── Account Details ─────────────────────────────────╮        "
"       │   Info    Assets    Apps                                                          │        "
"       │───────────────────────────────────────────────────────────────────────────────────│        "
"       │NFD Name:             silvio.algo                                                  │        "
"       │NFD Status:           Verified                                                     │        "
"       │                                                                                   │        "
"       │Address:              5NBAJP3FDBY4HXY3RZWRBE3VG4YJLXWOULC2QC4WM75KKCX...           │        "
"       │Status:               Offline                                                      │        "
"       │                                                                                   │        "
"       │Balance:              5.100000 Algos                                               │        "
"       │Min Balance:          0.200000 Algos                                               │        "
"       │Pending Rewards:      0.000000 Algos                                               │        "
"       │Total Rewards:        0.000000 Algos                                               │        "
"       │                                                                                   │        "
"       │Assets Opted In:      3                                                            │        "
"       │Created Assets:       0                                                            │        "
"       │Apps Opted In:        2                                                            │        "
"       │Created Apps:         0                                                            │        "
"       │                                                                                   │        "
"       │                                                                                   │        "
"       │                                                                                   │        "
"       │                                                                                   │        "
"       │                                                                                   │        "
"       │                                                                                   │        "
"       │                                                                                   │        "
"       │                                                                                   │        "
"       │                                                                                   │        "
"       │                                                                                   │        "
"       │                                                                                   │        "
"       │                                                                                   │        "
"       │                                                                                   │        "
"       │                                                                                   │        "
"       │      [Tab] Switch  [↑↓] Navigate  [C] Copy  [Y] JSON  [O] Open  [Esc] Close       │        "
"       ╰───────────────────────────────────────────────────────────────────────────────────╯        "
"                                                                                                    "
"                                                                                                    "
"                                                                                                    "
