---
source: src/ui/panels/details/transaction.rs
expression: terminal.backend()
---
"                                                                                                                        "
"                                                                                                                        "
"                                                                                                                        "
"                                                                                                                        "
"                                                                                                                        "
"                                                                                                                        "
"                                                                                                                        "
"      ╭────────────────────────────────────────── Transaction Details ───────────────────────────────────────────╮      "
"      │  Table   Visual                                                                                          │      "
"      │──────────────────────────────────────────────────────────────────────────────────────────────────────────│      "
"      │   TYP       AAC...4A   App #12…   GEA...TU   GRB...CA   App #10…   IMR...LY   YAD...BI   UXO...JE        │      "
"      │   ──────────────┬──────────┬──────────┬──────────┬──────────┬──────────┬──────────┬──────────┬───        │      "
"      │                 │          │          │          │          │          │          │          │           │      "
"      │     APP         ●──────────▶          │          │          │          │          │          │    NoOp   │      "
"      │    ·PAY         ●───────4.23A────────────────────▶          │          │          │          │           │      "
"      │    ·APP         ●───────────────────NoOp────────────────────▶          │          │          │           │      "
"      │   ··AXF         ◀───────55909────────────────────●          │          │          │          │           │      "
"      │    ·AXF         ●──────────────────55909───────────────────────────────▶          │          │           │      "
"      │    ·APP         ●───────────────────NoOp────────────────────▶          │          │          │           │      "
"      │   ··AXF         ◀─────────────────1368407…─────────────────────────────●          │          │           │      "
"      │    ·AXF         ●────────────────────────────1368407…─────────────────────────────▶          │           │      "
"      │    ·APP         ●───────────────────NoOp────────────────────▶          │          │          │           │      "
"      │   ··AXF         ◀────────────────────────────1285615…─────────────────────────────●          │           │      "
"      │    ·AXF         ●────────────────────────────1285615…────────────────────────────────────────▶           │      "
"      │    ·APP         ●───────────────────NoOp────────────────────▶          │          │          │           │      "
"      │   ··PAY         ◀─────────────────────────────4.25A──────────────────────────────────────────●           │      "
"      │    ·PAY        ↺0A         │          │          │          │          │          │          │           │      "
"      │                                                                                                          │      "
"      │                            [C] Copy   [S] Export SVG   [Tab] View   [Esc] Close                          │      "
"      │                                                                                                          │      "
"      │                                                                                                          │      "
"      ╰──────────────────────────────────────────────────────────────────────────────────────────────────────────╯      "
"                                                                                                                        "
"                                                                                                                        "
"                                                                                                                        "
"                                                                                                                        "
"                                                                                                                        "
"                                                                                                                        "
"                                                                                                                        "
"                                                                                                                        "
