---
source: src/ui/panels/details/block.rs
expression: terminal.backend()
---
"                                                                                                    "
"                                                                                                    "
"                                                                                                    "
"                                                                                                    "
"       ╭────────────────────────────────── Block Details ──────────────────────────────────╮        "
"       │   Info    Transactions                                                            │        "
"       │───────────────────────────────────────────────────────────────────────────────────│        "
"       │Block ID:             50000000                                                     │        "
"       │Transactions:         32                                                           │        "
"       │Timestamp:            Sat, 17 May 2025 02:37:15                                    │        "
"       │                                                                                   │        "
"       │Proposer:             4TPMQLUIBMQ6ILR4FSBEWJACEOYJVYZ7PWL333KL47DHVT6TJHH55E5WWE   │        "
"       │                                                                                   │        "
"       │Transaction Types:                                                                 │        "
"       │  App Call:           10                                                           │        "
"       │  Asset Config:       10                                                           │        "
"       │  Payment:            7                                                            │        "
"       │  Asset Transfer:     6                                                            │        "
"       │                                                                                   │        "
"       │                                                                                   │        "
"       │                                                                                   │        "
"       │                                                                                   │        "
"       │                                                                                   │        "
"       │                                                                                   │        "
"       │                                                                                   │        "
"       │                                                                                   │        "
"       │                                                                                   │        "
"       │                                                                                   │        "
"       │                                                                                   │        "
"       │                                                                                   │        "
"       │                                                                                   │        "
"       │                                                                                   │        "
"       │                                                                                   │        "
"       │                                                                                   │        "
"       │[Tab] Switch  [↑↓] Navigate  [Enter] View  [C] Copy  [O] Open  [F] Fullscreen  [Esc│        "
"       ╰───────────────────────────────────────────────────────────────────────────────────╯        "
"                                                                                                    "
"                                                                                                    "
"                                                                                                    "
"                                                                                                    "
