---
source: src/ui/popups/network_form.rs
expression: terminal.backend()
---
"                                                                                "
"                                                                                "
"        ╭───────────────────── Add Custom Network ─────────────────────╮        "
"        │┌Name────────────────────────────────────────────────────────┐│        "
"        ││MyNet_                                                      ││        "
"        │└────────────────────────────────────────────────────────────┘│        "
"        │┌Algod URL───────────────────────────────────────────────────┐│        "
"        ││http(s)://algod-host                                        ││        "
"        │└────────────────────────────────────────────────────────────┘│        "
"        │┌Algod Port──────────────────────────────────────────────────┐│        "
"        ││4001                                                        ││        "
"        │└────────────────────────────────────────────────────────────┘│        "
"        │┌Algod API Token (optional)──────────────────────────────────┐│        "
"        ││<optional>                                                  ││        "
"        │└────────────────────────────────────────────────────────────┘│        "
"        │┌Indexer URL─────────────────────────────────────────────────┐│        "
"        ││http(s)://indexer-host                                      ││        "
"        │└────────────────────────────────────────────────────────────┘│        "
"        │┌Indexer Port────────────────────────────────────────────────┐│        "
"        ││8980                                                        ││        "
"        │└────────────────────────────────────────────────────────────┘│        "
"        │┌Indexer API Token (optional)────────────────────────────────┐│        "
"        ││<optional>                                                  ││        "
"        │└────────────────────────────────────────────────────────────┘│        "
"        │  Enter: Save & Switch  Tab/Down: Next  Up: Prev  Esc: Cancel │        "
"        │                                                              │        "
"        ╰──────────────────────────────────────────────────────────────╯        "
"                                                                                "
"                                                                                "
"                                                                                "
