---
source: src/widgets/graph/txn_graph.rs
expression: terminal.backend()
---
"                                ①                           "
"                       TYP   CHA...YA                       "
"                             Account                        "
"                       ──────────┬───                       "
"                                 │                          "
"                         ACF  ◉config                       "
"                                                            "
"                                                            "
"                                                            "
"                                                            "
"                                                            "
"                                                            "
"                                                            "
"                                                            "
"                                                            "
