---
source: src/widgets/graph/txn_graph.rs
expression: terminal.backend()
---
"                 ①          ②                     "
"        TYP   SEN...4A   REC...TU                 "
"              Account    Account                  "
"        ──────────┬──────────┬───                 "
"                  │          │                    "
"          AXF     ●──────────▶    1000000         "
"                                                  "
"                                                  "
"                                                  "
"                                                  "
