---
source: src/widgets/graph/txn_graph.rs
expression: terminal.backend()
---
"                                ①                           "
"                       TYP   65N...NI                       "
"                             Account                        "
"                       ──────────┬───                       "
"                                 │                          "
"                         KEY  ◉keyreg                       "
"                                                            "
"                                                            "
"                                                            "
"                                                            "
"                                                            "
"                                                            "
"                                                            "
"                                                            "
"                                                            "
