---
source: src/widgets/graph/tests.rs
expression: terminal.backend()
---
"             ①          ②          ③          ④          ⑤          ⑥          ⑦          ⑧         "
"Type      AAC...4A   App #12…   GEA...TU   App #10…   2PI...MM   FCH...SM   EOX...E4   IWT...VY   Ap"
"          Account      App      Account      App      Account    Account    Account    Account      "
"──────────────┬──────────┬──────────┬──────────┬──────────┬──────────┬──────────┬──────────┬────────"
"              │          │          │          │          │          │          │          │        "
"  APP         ●──────────▶          │          │          │          │          │          │        "
" ·PAY   ├─    ●───────2.77A─────────▶          │          │          │          │          │        "
" ·APP   ├─    ●────────NoOp────────────────────▶          │          │          │          │        "
"··AXF   └─    ◀──────────────────586582───────────────────●          │          │          │        "
" ·AXF   ├─    ●──────────────────586582──────────────────────────────▶          │          │        "
" ·APP   ├─    ●────────NoOp────────────────────▶          │          │          │          │        "
"··AXF   └─    ◀───────────────────1465───────────────────────────────●          │          │        "
" ·AXF   ├─    ●──────────────────────────────1465───────────────────────────────▶          │        "
" ·APP   ├─    ●────────NoOp────────────────────▶          │          │          │          │        "
"··AXF   └─    ◀─────────────────────────────17647───────────────────────────────●          │        "
" ·AXF   ├─    ●─────────────────────────────17647──────────────────────────────────────────▶        "
" ·APP   ├─    ●─────────────────────────────────────────NoOp────────────────────────────────────────"
"··PAY   └─    ◀─────────────────────────────2.79A──────────────────────────────────────────●        "
" ·PAY   └─   ↺0A         │          │          │          │          │          │          │        "
"                                                                                                    "
"                                                                                                    "
"                                                                                                    "
"                                                                                                    "
"                                                                                                    "
"                                                                                                    "
"                                                                                                    "
"                                                                                                    "
"                                                                                                    "
"                                                                                                    "
"                                                                                                    "
