---
source: src/widgets/graph/txn_graph.rs
expression: terminal.backend()
---
"                            ①          ②                              "
"                   TYP   PIJ...3U   PT4...AE                          "
"                         Account    Account                           "
"                   ──────────┬──────────┬───                          "
"                             │          │                             "
"                     AFZ     ●──────────▶    freeze                   "
"                                                                      "
"                                                                      "
"                                                                      "
"                                                                      "
"                                                                      "
"                                                                      "
"                                                                      "
"                                                                      "
"                                                                      "
