---
source: src/widgets/graph/txn_graph.rs
expression: terminal.backend()
---
"                      ①                 "
"             TYP   VAL...LY             "
"                   Account              "
"             ──────────┬───             "
"                       │                "
"               KEY  ◉keyreg             "
"                                        "
"                                        "
"                                        "
"                                        "
