---
source: src/widgets/graph/tests.rs
expression: terminal.backend()
---
"                                ①                           "
"                       Type  OPT...4A                       "
"                             Account                        "
"                       ──────────┬───                       "
"                                 │                          "
"                         AXF ↺opt-in…                       "
"                                                            "
"                                                            "
"                                                            "
"                                                            "
"                                                            "
"                                                            "
"                                                            "
"                                                            "
"                                                            "
