---
source: src/widgets/graph/tests.rs
expression: terminal.backend()
---
"                                       ①          ②          ③                                      "
"                            Type    CAL...4A   App #12…   REC...4A                                  "
"                                    Account      App      Account                                   "
"                            ────────────┬──────────┬──────────┬───                                  "
"                                        │          │          │                                     "
"                              APP       ●──────────▶          │    NoOp                             "
"                             ·PAY ├─    ●───────1.00A─────────▶                                     "
"                             ·AXF └─    ●───────500000────────▶                                     "
"                                                                                                    "
"                                                                                                    "
"                                                                                                    "
"                                                                                                    "
"                                                                                                    "
"                                                                                                    "
"                                                                                                    "
"                                                                                                    "
"                                                                                                    "
"                                                                                                    "
"                                                                                                    "
"                                                                                                    "
"                                                                                                    "
"                                                                                                    "
"                                                                                                    "
"                                                                                                    "
"                                                                                                    "
"                                                                                                    "
"                                                                                                    "
"                                                                                                    "
"                                                                                                    "
"                                                                                                    "
