---
source: src/widgets/graph/tests.rs
expression: terminal.backend()
---
"                                 ①          ②                                   "
"                        Type  SEN...4A   REC...TU                               "
"                              Account    Account                                "
"                        ──────────┬──────────┬───                               "
"                                  │          │                                  "
"                          PAY     ●──────────▶    5.00A                         "
"                                                                                "
"                                                                                "
"                                                                                "
"                                                                                "
"                                                                                "
"                                                                                "
"                                                                                "
"                                                                                "
"                                                                                "
