---
source: src/widgets/graph/txn_graph.rs
expression: terminal.backend()
---
"                                 ①          ②                                   "
"                        TYP   6MO...JM   OCD...FA                               "
"                              Account    Account                                "
"                        ──────────┬──────────┬───                               "
"                                  │          │                                  "
"                          AXF     ●──────────▶    300000                        "
"                                                                                "
"                                                                                "
"                                                                                "
"                                                                                "
"                                                                                "
"                                                                                "
"                                                                                "
"                                                                                "
"                                                                                "
