---
source: src/ui/helpers.rs
expression: terminal.backend()
---
"╭ Unfocused ─────────────────────────────────────╮"
"│                                                │"
"╰────────────────────────────────────────────────╯"
"╭────────────────────────────────────────────────╮"
"│                                                │"
"╰────────────────────────────────────────────────╯"
"╔ ● Focused ═════════════════════════════════════╗"
"║                                                ║"
"╚════════════════════════════════════════════════╝"
"╔════════════════════════════════════════════════╗"
"║                                                ║"
"╚════════════════════════════════════════════════╝"
"╭───────────────── Popup Title ──────────────────╮"
"│                                                │"
"╰────────────────────────────────────────────────╯"
"╭──────────────────── Short ─────────────────────╮"
"│                                                │"
"╰────────────────────────────────────────────────╯"
"╭───────────── Test: [Results] (42) ─────────────╮"
"│                                                │"
"╰────────────────────────────────────────────────╯"
"                                                  "
"                                                  "
"                                                  "
"                                                  "
